{
  "_description": "Secret scanning baseline - Prevents secrets in commits",
  "_purpose": "Uses detect-secrets to scan for API keys and credentials",
  "version": "1.4.0",
  "plugins_used": [
    {"name": "AWSKeyDetector"},
    {"name": "Base64HighEntropyString", "limit": 4.5},
    {"name": "PrivateKeyDetector"},
    {"name": "StripeDetector"}
  ],
  "results": {}
}
